DATASET = co2020 case challenge part
NAME = tools over vehicles over vehicle days over distance with 100 requests over 10 days

MAX_NUMBER_OF_VEHICLES = 35
NUMBER_OF_VEHICLE_DAYS = 200
TOOL_USE = 30 14 12 23 21
DISTANCE = 1409920
COST = 4298300000

DAY = 1
NUMBER_OF_VEHICLES = 16
1 R 0 86 0
2 R 0 45 0
3 R 0 13 0
4 R 0 47 0
5 R 0 82 0
6 R 0 85 0
7 R 0 15 0
8 R 0 36 0
9 R 0 64 0
10 R 0 18 0
11 R 0 59 0
12 R 0 58 0
13 R 0 67 0
14 R 0 29 0
15 R 0 78 0
16 R 0 7 0

DAY = 2
NUMBER_OF_VEHICLES = 24
1 R 0 77 0
2 R 0 12 0
3 R 0 1 0
4 R 0 43 0
5 R 0 79 0
6 R 0 62 0
7 R 0 5 0
8 R 0 90 0
9 R 0 -85 0
10 R 0 99 0
11 R 0 66 0
12 R 0 87 0
13 R 0 37 0
14 R 0 100 0
15 R 0 -59 0
16 R 0 -58 0
17 R 0 61 0
18 R 0 -67 0
19 R 0 27 0
20 R 0 63 0
21 R 0 95 0
22 R 0 -78 0
23 R 0 -7 0
24 R 0 20 0

DAY = 3
NUMBER_OF_VEHICLES = 25
1 R 0 10 0
2 R 0 40 0
3 R 0 6 0
4 R 0 53 0
5 R 0 -82 0
6 R 0 -90 0
7 R 0 50 0
8 R 0 55 0
9 R 0 -15 0
10 R 0 -99 0
11 R 0 -64 0
12 R 0 54 0
13 R 0 98 0
14 R 0 32 0
15 R 0 19 0
16 R 0 24 0
17 R 0 -61 0
18 R 0 44 0
19 R 0 83 0
20 R 0 74 0
21 R 0 -29 0
22 R 0 30 0
23 R 0 -63 0
24 R 0 -95 0
25 R 0 -20 0

DAY = 4
NUMBER_OF_VEHICLES = 35
1 R 0 -86 0
2 R 0 -45 0
3 R 0 68 0
4 R 0 2 0
5 R 0 -1 0
6 R 0 26 0
7 R 0 -79 0
8 R 0 9 0
9 R 0 -13 0
10 R 0 51 0
11 R 0 -62 0
12 R 0 92 0
13 R 0 -47 0
14 R 0 34 0
15 R 0 35 0
16 R 0 49 0
17 R 0 80 0
18 R 0 31 0
19 R 0 -36 0
20 R 0 28 0
21 R 0 81 0
22 R 0 69 0
23 R 0 71 0
24 R 0 84 0
25 R 0 89 0
26 R 0 25 0
27 R 0 -18 0
28 R 0 33 0
29 R 0 -37 0
30 R 0 -100 0
31 R 0 17 0
32 R 0 -83 0
33 R 0 -27 0
34 R 0 75 0
35 R 0 42 0

DAY = 5
NUMBER_OF_VEHICLES = 31
1 R 0 -77 0
2 R 0 -12 0
3 R 0 76 0
4 R 0 11 0
5 R 0 8 0
6 R 0 -43 0
7 R 0 46 0
8 R 0 21 0
9 R 0 -5 0
10 R 0 57 0
11 R 0 -6 0
12 R 0 -53 0
13 R 0 56 0
14 R 0 22 0
15 R 0 -55 0
16 R 0 -66 0
17 R 0 -32 0
18 R 0 -87 0
19 R 0 60 0
20 R 0 -19 0
21 R 0 -24 0
22 R 0 -44 0
23 R 0 -74 0
24 R 0 39 0
25 R 0 16 0
26 R 0 -30 0
27 R 0 3 0
28 R 0 72 0
29 R 0 -75 0
30 R 0 91 0
31 R 0 -42 0

DAY = 6
NUMBER_OF_VEHICLES = 21
1 R 0 94 0
2 R 0 97 0
3 R 0 93 0
4 R 0 -26 0
5 R 0 -10 0
6 R 0 -40 0
7 R 0 -92 0
8 R 0 -56 0
9 R 0 -22 0
10 R 0 -50 0
11 R 0 -31 0
12 R 0 88 0
13 R 0 52 0
14 R 0 14 0
15 R 0 -69 0
16 R 0 -54 0
17 R 0 -98 0
18 R 0 -17 0
19 R 0 65 0
20 R 0 48 0
21 R 0 -91 0

DAY = 7
NUMBER_OF_VEHICLES = 29
1 R 0 -68 0
2 R 0 -2 0
3 R 0 96 0
4 R 0 -9 0
5 R 0 70 0
6 R 0 -21 0
7 R 0 23 0
8 R 0 -51 0
9 R 0 38 0
10 R 0 -34 0
11 R 0 41 0
12 R 0 -35 0
13 R 0 -49 0
14 R 0 -80 0
15 R 0 -28 0
16 R 0 -81 0
17 R 0 -71 0
18 R 0 -84 0
19 R 0 -89 0
20 R 0 -25 0
21 R 0 -60 0
22 R 0 -33 0
23 R 0 4 0
24 R 0 -65 0
25 R 0 -48 0
26 R 0 -39 0
27 R 0 -16 0
28 R 0 -3 0
29 R 0 -72 0

DAY = 8
NUMBER_OF_VEHICLES = 10
1 R 0 -76 0
2 R 0 -11 0
3 R 0 -8 0
4 R 0 -46 0
5 R 0 -57 0
6 R 0 73 0
7 R 0 -88 0
8 R 0 -52 0
9 R 0 -14 0
10 R 0 -4 0

DAY = 9
NUMBER_OF_VEHICLES = 9
1 R 0 -94 0
2 R 0 -97 0
3 R 0 -93 0
4 R 0 -96 0
5 R 0 -70 0
6 R 0 -23 0
7 R 0 -38 0
8 R 0 -41 0
9 R 0 -73 0

